Received message: /activeResources -> ADD,PLATFORM,BUFFER,-5 6,KR16
Received message: /activeResources -> ADD,CIRCULAR_CONVEYOR,BUFFER,0 2,KR16,KR10
Received message: /activeResources -> ADD,LATHE,MACHINE,5 6,KR10
Received message: /activeResources -> OFF,PLATFORM
Received message: /activeResources -> OFF,CIRCULAR_CONVEYOR
Received message: /activeResources -> OFF,LATHE
Received message: /activeResources -> ADD,DUMMY_AGENT,BUFFER,0 0,KR10,LINEAR_CONVEYOR
Received message: /activeResources -> ADD,LINEAR_CONVEYOR,BUFFER,-10 2,KR16
Received message: /activeResources -> ADD,KR16,TRANSPORT,-5 2,LINEAR_CONVEYOR CIRCULAR_CONVEYOR PLATFORM
Received message: /activeResources -> OFF,DUMMY_AGENT
Received message: /activeResources -> OFF,LINEAR_CONVEYOR
Received message: /activeResources -> OFF,KR16
